<html>
<body>
<pre>
<h1>µVision Build Log</h1>
<h2>Tool Versions:</h2>
IDE-Version: µVision V5.25.2.0
Copyright (C) 2018 ARM Ltd and ARM Germany GmbH. All rights reserved.
License Information: thanh tu, bachkhoa, LIC=WHYKP-MKQYQ-X7VRZ-JTGGW-UBXKG-JUE7F
 
Tool Versions:
Toolchain:       MDK-ARM Plus  Version: 5.25.2.0
Toolchain Path:  C:\Keil_v5\ARM\ARMCC\Bin
C Compiler:      Armcc.exe V5.06 update 6 (build 750)
Assembler:       Armasm.exe V5.06 update 6 (build 750)
Linker/Locator:  ArmLink.exe V5.06 update 6 (build 750)
Library Manager: ArmAr.exe V5.06 update 6 (build 750)
Hex Converter:   FromElf.exe V5.06 update 6 (build 750)
CPU DLL:         SARMCM3.DLL V5.25.2.0
Dialog DLL:      DCM.DLL V1.17.1.0
Target DLL:      STLink\ST-LINKIII-KEIL_SWO.dll V3.0.1.0
Dialog DLL:      TCM.DLL V1.35.1.0
 
<h2>Project:</h2>
D:\tailieu\nam3\202\DoLuongDKMT\project\final\motorcontrol\F1_Motor_Control\STM32F103.uvprojx
Project File Date:  05/19/2021

<h2>Output:</h2>
*** Using Compiler 'V5.06 update 6 (build 750)', folder: 'C:\Keil_v5\ARM\ARMCC\Bin'
Rebuild target 'STM32F1'
compiling stm32f10x_exti.c...
compiling PWM.c...
variable.h(21): warning:  #1-D: last line of file ends without a newline
  extern int A_Send;
PWM.c(67): warning:  #1-D: last line of file ends without a newline
  }
PWM.c: 2 warnings, 0 errors
compiling stm32f10x_dma.c...
compiling delay.c...
variable.h(21): warning:  #1-D: last line of file ends without a newline
  extern int A_Send;
delay.h(11): warning:  #1-D: last line of file ends without a newline
  void delay_us(uint16_t us);
variable.h(21): warning:  #1-D: last line of file ends without a newline
  extern int A_Send;
delay.c(42): warning:  #1-D: last line of file ends without a newline
  }
delay.c: 4 warnings, 0 errors
compiling variable.c...
variable.h(21): warning:  #1-D: last line of file ends without a newline
  extern int A_Send;
variable.c(14): warning:  #1-D: last line of file ends without a newline
  float	Error_Derivative,Error_Sum,Error_Current,Error_Past;
variable.c: 2 warnings, 0 errors
compiling main.c...
variable.h(21): warning:  #1-D: last line of file ends without a newline
  extern int A_Send;
variable.h(21): warning:  #1-D: last line of file ends without a newline
  extern int A_Send;
delay.h(11): warning:  #1-D: last line of file ends without a newline
  void delay_us(uint16_t us);
UART_DMA.h(8): warning:  #1-D: last line of file ends without a newline
  void USART2_DMA_Config(uint8_t DMABufferSize);
READ_ENC.h(7): warning:  #1-D: last line of file ends without a newline
  void Read_Enc_Config(void);
main.c: 5 warnings, 0 errors
compiling READ_ENC.c...
READ_ENC.h(7): warning:  #1-D: last line of file ends without a newline
  void Read_Enc_Config(void);
READ_ENC.c(80): warning:  #1-D: last line of file ends without a newline
  }
READ_ENC.c: 2 warnings, 0 errors
compiling stm32f10x_gpio.c...
compiling UART_DMA.c...
UART_DMA.h(8): warning:  #1-D: last line of file ends without a newline
  void USART2_DMA_Config(uint8_t DMABufferSize);
variable.h(21): warning:  #1-D: last line of file ends without a newline
  extern int A_Send;
UART_DMA.c(9): warning:  #177-D: variable "NVIC_InitStruct"  was declared but never referenced
  	NVIC_InitTypeDef NVIC_InitStruct;
UART_DMA.c(74): warning:  #1-D: last line of file ends without a newline
  }
UART_DMA.c: 4 warnings, 0 errors
compiling stm32f10x_usart.c...
assembling startup_stm32f10x_md.s...
compiling stm32f10x_tim.c...
compiling core_cm3.c...
compiling misc.c...
compiling stm32f10x_rcc.c...
compiling stm32f10x_it.c...
compiling system_stm32f10x.c...
linking...
Program Size: Code=8960 RO-data=268 RW-data=96 ZI-data=1672  
".\Objects\STM32F103.axf" - 0 Error(s), 19 Warning(s).

<h2>Software Packages used:</h2>

Package Vendor: ARM
                http://www.keil.com/pack/ARM.CMSIS.5.7.0.pack
                ARM.CMSIS.5.7.0
                CMSIS (Cortex Microcontroller Software Interface Standard)
   * Component: CORE Version: 5.4.0

Package Vendor: Keil
                http://www.keil.com/pack/Keil.STM32F1xx_DFP.2.3.0.pack
                Keil.STM32F1xx_DFP.2.3.0
                STMicroelectronics STM32F1 Series Device Support, Drivers and Examples

<h2>Collection of Component include folders:</h2>
  .\RTE\_STM32F1
  C:\Users\ACER\AppData\Local\Arm\Packs\ARM\CMSIS\5.7.0\CMSIS\Core\Include
  C:\Users\ACER\AppData\Local\Arm\Packs\Keil\STM32F1xx_DFP\2.3.0\Device\Include

<h2>Collection of Component Files used:</h2>

   * Component: ARM::CMSIS:CORE:5.4.0
Build Time Elapsed:  00:00:02
</pre>
</body>
</html>
